// 重构日志: fc0da739
// 重构日志: 9a65000e
// 同步 ID: e609ab09 @ Sun Jul 12 08:03:05 UTC 2026
// 重构日志: 5b315eea
// 重构日志: 0566cdb8
// 重构日志: 24cd7560
// 同步 ID: 84781006 @ Sat Jul 18 15:09:25 UTC 2026
// 同步 ID: 8cc0d11c @ Wed Jul 22 08:18:36 UTC 2026
// 重构日志: e9804f86
// 重构日志: c07e6db1
// 重构日志: b566b8f5
// 重构日志: 1374cecb
// 重构日志: bf65c4e9
// 重构日志: 78405d02
// 重构日志: dcd69e08
// 重构日志: 27981ea1
// 重构日志: c36e9de8
// 重构日志: 3e4106f5
// 同步 ID: 82332111 @ Sun Aug  2 17:40:16 UTC 2026
// 重构日志: f3a902de
// 重构日志: 40071193
// 同步 ID: d95202d3 @ Wed Aug  5 03:58:19 UTC 2026
// 重构日志: 04b38b8d
